
> quirk-bench@2.3.2 test
> npm run test:build && node scripts/run-browser-tests.js test/test.html


> quirk-bench@2.3.2 test:build
> vite build --mode test

vite v8.2.2 building client environment for test...
transforming...
✓ 3720 modules transformed.
rendering chunks...
computing gzip size...
out/assets/webworkerAll-UvY2dbPv.js                      0.07 kB
out/assets/getTextureBatchBindGroup-D26Lagu5.js          0.97 kB
out/assets/CanvasPool-kXAA0CUi.js                        2.17 kB
out/test/test.html                                       2.85 kB │ gzip:     0.88 kB
out/assets/KaTeX_Size4-Regular-Dl5lxZxV.woff2            4.92 kB
out/assets/KaTeX_Size2-Regular-Dy4dx90m.woff2            5.20 kB
out/assets/KaTeX_Size1-Regular-mCD8mA8B.woff2            5.46 kB
out/assets/KaTeX_Caligraphic-Regular-Di6jR-x-.woff2      6.90 kB
out/assets/KaTeX_Caligraphic-Bold-Dq_IR9rO.woff2         6.91 kB
out/assets/KaTeX_Script-Regular-D3wIWfF6.woff2           9.64 kB
out/assets/KaTeX_SansSerif-Regular-DDBCnlJ7.woff2       10.34 kB
out/assets/KaTeX_Fraktur-Regular-CTYiF6lA.woff2         11.31 kB
out/assets/KaTeX_Fraktur-Bold-CL6g_b3V.woff2            11.34 kB
out/assets/KaTeX_SansSerif-Italic-C3H0VqGB.woff2        12.02 kB
out/assets/KaTeX_SansSerif-Bold-D1sUS0GD.woff2          12.21 kB
out/assets/canvasUtils-D6uGSZkE.js                      12.64 kB
out/assets/KaTeX_Typewriter-Regular-CO6r4hn1.woff2      13.56 kB
out/assets/KaTeX_Math-BoldItalic-CZnvNsCZ.woff2         16.40 kB
out/assets/KaTeX_Math-Italic-t53AETM-.woff2             16.44 kB
out/assets/KaTeX_Main-BoldItalic-DxDJ3AOS.woff2         16.78 kB
out/assets/KaTeX_Main-Italic-NWA7e6Wa.woff2             16.98 kB
out/assets/BufferResource-BQy0gi2t.js                   17.93 kB
out/assets/KaTeX_Main-Bold-Cx986IdX.woff2               25.32 kB
out/assets/KaTeX_Main-Regular-B22Nviop.woff2            26.27 kB
out/assets/KaTeX_AMS-Regular-BQhdFMY1.woff2             28.07 kB
out/assets/init-C0gCalu-.js                             33.39 kB
out/assets/browserAll-Bhdiq_hj.js                      102.18 kB
out/assets/RenderTargetSystem-B2F_bSJ5.js              174.11 kB
out/assets/Geometry-syUQZZhO.js                        340.36 kB
out/assets/operatorTiles.worker-49wpkfCa.js          2,390.35 kB
out/assets/test-D5BbnLoS.css                             0.44 kB │ gzip:     0.27 kB
out/assets/math-live-runtime-N_vdL7pr.css                8.04 kB │ gzip:     4.22 kB
out/assets/webworkerAll-DiKOifs7.js                      0.05 kB │ gzip:     0.06 kB
out/assets/getTextureBatchBindGroup-CUBQFAJJ.js          1.01 kB │ gzip:     0.47 kB
out/assets/rolldown-runtime-4ZD9dFOH.js                  1.55 kB │ gzip:     0.71 kB
out/assets/CanvasPool-DMjgvB-x.js                        2.21 kB │ gzip:     0.85 kB
out/assets/canvasUtils-iWOI5ZSg.js                      12.68 kB │ gzip:     2.80 kB
out/assets/BufferResource-kF6Sv3dW.js                   17.95 kB │ gzip:     4.39 kB
out/assets/init-5foI17uB.js                             33.41 kB │ gzip:     7.56 kB
out/assets/browserAll-DLeeI9xt.js                       53.85 kB │ gzip:    12.98 kB
out/assets/RenderTargetSystem-B2gskUg2.js              174.19 kB │ gzip:    40.29 kB
out/assets/Geometry-BsTVU806.js                        338.71 kB │ gzip:    79.42 kB
out/assets/math-live-runtime-wA_iQ7z4.js             1,034.64 kB │ gzip:   248.74 kB
out/assets/test-Dpi4yviO.js                          5,794.20 kB │ gzip: 1,266.09 kB

✓ built in 1.88s
Running 1079 tests...
Failed to load resource: the server responded with a status of 404 (Not Found)
performance warning: READ-usage buffer was written, then fenced, but written again before being read back. This discarded the shadow copy that was created to accelerate readback.
performance warning: READ-usage buffer was written, then fenced, but written again before being read back. This discarded the shadow copy that was created to accelerate readback.
performance warning: READ-usage buffer was written, then fenced, but written again before being read back. This discarded the shadow copy that was created to accelerate readback.
performance warning: READ-usage buffer was written, then fenced, but written again before being read back. This discarded the shadow copy that was created to accelerate readback.
performance warning: READ-usage buffer was written, then fenced, but written again before being read back. This discarded the shadow copy that was created to accelerate readback.
performance warning: READ-usage buffer was written, then fenced, but written again before being read back. This discarded the shadow copy that was created to accelerate readback.
performance warning: READ-usage buffer was written, then fenced, but written again before being read back. This discarded the shadow copy that was created to accelerate readback.
performance warning: READ-usage buffer was written, then fenced, but written again before being read back. This discarded the shadow copy that was created to accelerate readback.
performance warning: READ-usage buffer was written, then fenced, but written again before being read back. This discarded the shadow copy that was created to accelerate readback.
performance warning: READ-usage buffer was written, then fenced, but written again before being read back. This discarded the shadow copy that was created to accelerate readback.
performance warning: READ-usage buffer was written, then fenced, but written again before being read back. This discarded the shadow copy that was created to accelerate readback.
performance warning: READ-usage buffer was written, then fenced, but written again before being read back. This discarded the shadow copy that was created to accelerate readback.
performance warning: READ-usage buffer was written, then fenced, but written again before being read back. This discarded the shadow copy that was created to accelerate readback.
performance warning: READ-usage buffer was written, then fenced, but written again before being read back. This discarded the shadow copy that was created to accelerate readback.
performance warning: READ-usage buffer was written, then fenced, but written again before being read back. This discarded the shadow copy that was created to accelerate readback.
performance warning: READ-usage buffer was written, then fenced, but written again before being read back. This discarded the shadow copy that was created to accelerate readback.
performance warning: READ-usage buffer was written, then fenced, but written again before being read back. This discarded the shadow copy that was created to accelerate readback.
Finished running 100/1079 tests
Finished running 200/1079 tests
No assertions in test 'text contrasts on normal hover error and data-label surfaces' of suite 'CanvasTheme'.
No assertions in test 'essential boundaries and Bloch guides contrast with dark surfaces' of suite 'CanvasTheme'.
No assertions in test 'frames read clearly on every surface an element can have' of suite 'CanvasTheme'.
Finished running 300/1079 tests
Recovered from unexpected error [object Object]
Recovered from unexpected error [object Object]
Recovered from unexpected error [object Object]
Recovered from unexpected error [object Object]
Recovered from unexpected error [object Object]
Recovered from unexpected error [object Object]
Recovered from unexpected error [object Object]
Canvas2D: Multiple readback operations using getImageData are faster with the willReadFrequently attribute set to true. See: https://html.spec.whatwg.org/multipage/canvas.html#concept-canvas-will-read-frequently
Canvas2D: Multiple readback operations using getImageData are faster with the willReadFrequently attribute set to true. See: https://html.spec.whatwg.org/multipage/canvas.html#concept-canvas-will-read-frequently
Canvas2D: Multiple readback operations using getImageData are faster with the willReadFrequently attribute set to true. See: https://html.spec.whatwg.org/multipage/canvas.html#concept-canvas-will-read-frequently
Canvas2D: Multiple readback operations using getImageData are faster with the willReadFrequently attribute set to true. See: https://html.spec.whatwg.org/multipage/canvas.html#concept-canvas-will-read-frequently
Canvas2D: Multiple readback operations using getImageData are faster with the willReadFrequently attribute set to true. See: https://html.spec.whatwg.org/multipage/canvas.html#concept-canvas-will-read-frequently
Canvas2D: Multiple readback operations using getImageData are faster with the willReadFrequently attribute set to true. See: https://html.spec.whatwg.org/multipage/canvas.html#concept-canvas-will-read-frequently
Canvas2D: Multiple readback operations using getImageData are faster with the willReadFrequently attribute set to true. See: https://html.spec.whatwg.org/multipage/canvas.html#concept-canvas-will-read-frequently
Canvas2D: Multiple readback operations using getImageData are faster with the willReadFrequently attribute set to true. See: https://html.spec.whatwg.org/multipage/canvas.html#concept-canvas-will-read-frequently
Canvas2D: Multiple readback operations using getImageData are faster with the willReadFrequently attribute set to true. See: https://html.spec.whatwg.org/multipage/canvas.html#concept-canvas-will-read-frequently
Canvas2D: Multiple readback operations using getImageData are faster with the willReadFrequently attribute set to true. See: https://html.spec.whatwg.org/multipage/canvas.html#concept-canvas-will-read-frequently
Canvas2D: Multiple readback operations using getImageData are faster with the willReadFrequently attribute set to true. See: https://html.spec.whatwg.org/multipage/canvas.html#concept-canvas-will-read-frequently
Canvas2D: Multiple readback operations using getImageData are faster with the willReadFrequently attribute set to true. See: https://html.spec.whatwg.org/multipage/canvas.html#concept-canvas-will-read-frequently
Canvas2D: Multiple readback operations using getImageData are faster with the willReadFrequently attribute set to true. See: https://html.spec.whatwg.org/multipage/canvas.html#concept-canvas-will-read-frequently
Canvas2D: Multiple readback operations using getImageData are faster with the willReadFrequently attribute set to true. See: https://html.spec.whatwg.org/multipage/canvas.html#concept-canvas-will-read-frequently
Canvas2D: Multiple readback operations using getImageData are faster with the willReadFrequently attribute set to true. See: https://html.spec.whatwg.org/multipage/canvas.html#concept-canvas-will-read-frequently
Canvas2D: Multiple readback operations using getImageData are faster with the willReadFrequently attribute set to true. See: https://html.spec.whatwg.org/multipage/canvas.html#concept-canvas-will-read-frequently
Canvas2D: Multiple readback operations using getImageData are faster with the willReadFrequently attribute set to true. See: https://html.spec.whatwg.org/multipage/canvas.html#concept-canvas-will-read-frequently
Canvas2D: Multiple readback operations using getImageData are faster with the willReadFrequently attribute set to true. See: https://html.spec.whatwg.org/multipage/canvas.html#concept-canvas-will-read-frequently
Canvas2D: Multiple readback operations using getImageData are faster with the willReadFrequently attribute set to true. See: https://html.spec.whatwg.org/multipage/canvas.html#concept-canvas-will-read-frequently
Canvas2D: Multiple readback operations using getImageData are faster with the willReadFrequently attribute set to true. See: https://html.spec.whatwg.org/multipage/canvas.html#concept-canvas-will-read-frequently
Finished running 400/1079 tests
Canvas2D: Multiple readback operations using getImageData are faster with the willReadFrequently attribute set to true. See: https://html.spec.whatwg.org/multipage/canvas.html#concept-canvas-will-read-frequently
Canvas2D: Multiple readback operations using getImageData are faster with the willReadFrequently attribute set to true. See: https://html.spec.whatwg.org/multipage/canvas.html#concept-canvas-will-read-frequently
Canvas2D: Multiple readback operations using getImageData are faster with the willReadFrequently attribute set to true. See: https://html.spec.whatwg.org/multipage/canvas.html#concept-canvas-will-read-frequently
Canvas2D: Multiple readback operations using getImageData are faster with the willReadFrequently attribute set to true. See: https://html.spec.whatwg.org/multipage/canvas.html#concept-canvas-will-read-frequently
Canvas2D: Multiple readback operations using getImageData are faster with the willReadFrequently attribute set to true. See: https://html.spec.whatwg.org/multipage/canvas.html#concept-canvas-will-read-frequently
Canvas2D: Multiple readback operations using getImageData are faster with the willReadFrequently attribute set to true. See: https://html.spec.whatwg.org/multipage/canvas.html#concept-canvas-will-read-frequently
Canvas2D: Multiple readback operations using getImageData are faster with the willReadFrequently attribute set to true. See: https://html.spec.whatwg.org/multipage/canvas.html#concept-canvas-will-read-frequently
Canvas2D: Multiple readback operations using getImageData are faster with the willReadFrequently attribute set to true. See: https://html.spec.whatwg.org/multipage/canvas.html#concept-canvas-will-read-frequently
Canvas2D: Multiple readback operations using getImageData are faster with the willReadFrequently attribute set to true. See: https://html.spec.whatwg.org/multipage/canvas.html#concept-canvas-will-read-frequently
Canvas2D: Multiple readback operations using getImageData are faster with the willReadFrequently attribute set to true. See: https://html.spec.whatwg.org/multipage/canvas.html#concept-canvas-will-read-frequently
Canvas2D: Multiple readback operations using getImageData are faster with the willReadFrequently attribute set to true. See: https://html.spec.whatwg.org/multipage/canvas.html#concept-canvas-will-read-frequently
Canvas2D: Multiple readback operations using getImageData are faster with the willReadFrequently attribute set to true. See: https://html.spec.whatwg.org/multipage/canvas.html#concept-canvas-will-read-frequently
Canvas2D: Multiple readback operations using getImageData are faster with the willReadFrequently attribute set to true. See: https://html.spec.whatwg.org/multipage/canvas.html#concept-canvas-will-read-frequently
Canvas2D: Multiple readback operations using getImageData are faster with the willReadFrequently attribute set to true. See: https://html.spec.whatwg.org/multipage/canvas.html#concept-canvas-will-read-frequently
Canvas2D: Multiple readback operations using getImageData are faster with the willReadFrequently attribute set to true. See: https://html.spec.whatwg.org/multipage/canvas.html#concept-canvas-will-read-frequently
Canvas2D: Multiple readback operations using getImageData are faster with the willReadFrequently attribute set to true. See: https://html.spec.whatwg.org/multipage/canvas.html#concept-canvas-will-read-frequently
Finished running 500/1079 tests
Canvas2D: Multiple readback operations using getImageData are faster with the willReadFrequently attribute set to true. See: https://html.spec.whatwg.org/multipage/canvas.html#concept-canvas-will-read-frequently
Canvas2D: Multiple readback operations using getImageData are faster with the willReadFrequently attribute set to true. See: https://html.spec.whatwg.org/multipage/canvas.html#concept-canvas-will-read-frequently
Canvas2D: Multiple readback operations using getImageData are faster with the willReadFrequently attribute set to true. See: https://html.spec.whatwg.org/multipage/canvas.html#concept-canvas-will-read-frequently
Finished running 600/1079 tests
CircuitRun.random circuits give the playhead's stats from one run, at every step took 6274ms to run.
performance warning: READ-usage buffer was written, then fenced, but written again before being read back. This discarded the shadow copy that was created to accelerate readback.
performance warning: READ-usage buffer was written, then fenced, but written again before being read back. This discarded the shadow copy that was created to accelerate readback.
performance warning: READ-usage buffer was written, then fenced, but written again before being read back. This discarded the shadow copy that was created to accelerate readback.
performance warning: READ-usage buffer was written, then fenced, but written again before being read back. This discarded the shadow copy that was created to accelerate readback.
performance warning: READ-usage buffer was written, then fenced, but written again before being read back. This discarded the shadow copy that was created to accelerate readback.
performance warning: READ-usage buffer was written, then fenced, but written again before being read back. This discarded the shadow copy that was created to accelerate readback.
performance warning: READ-usage buffer was written, then fenced, but written again before being read back. This discarded the shadow copy that was created to accelerate readback.
performance warning: READ-usage buffer was written, then fenced, but written again before being read back. This discarded the shadow copy that was created to accelerate readback.
performance warning: READ-usage buffer was written, then fenced, but written again before being read back. This discarded the shadow copy that was created to accelerate readback.
performance warning: READ-usage buffer was written, then fenced, but written again before being read back. This discarded the shadow copy that was created to accelerate readback.
performance warning: READ-usage buffer was written, then fenced, but written again before being read back. This discarded the shadow copy that was created to accelerate readback.
performance warning: READ-usage buffer was written, then fenced, but written again before being read back. This discarded the shadow copy that was created to accelerate readback.
performance warning: READ-usage buffer was written, then fenced, but written again before being read back. This discarded the shadow copy that was created to accelerate readback.
performance warning: READ-usage buffer was written, then fenced, but written again before being read back. This discarded the shadow copy that was created to accelerate readback.
Finished running 700/1079 tests
StablePrefix.many random circuits give the same stats from the kept prefix as run whole took 9201ms to run.
performance warning: READ-usage buffer was written, then fenced, but written again before being read back. This discarded the shadow copy that was created to accelerate readback.
Finished running 800/1079 tests
performance warning: READ-usage buffer was written, then fenced, but written again before being read back. This discarded the shadow copy that was created to accelerate readback.
performance warning: READ-usage buffer was written, then fenced, but written again before being read back. This discarded the shadow copy that was created to accelerate readback.
performance warning: READ-usage buffer was written, then fenced, but written again before being read back. This discarded the shadow copy that was created to accelerate readback.
performance warning: READ-usage buffer was written, then fenced, but written again before being read back. This discarded the shadow copy that was created to accelerate readback.
performance warning: READ-usage buffer was written, then fenced, but written again before being read back. This discarded the shadow copy that was created to accelerate readback.
performance warning: READ-usage buffer was written, then fenced, but written again before being read back. This discarded the shadow copy that was created to accelerate readback.
performance warning: READ-usage buffer was written, then fenced, but written again before being read back. This discarded the shadow copy that was created to accelerate readback.
performance warning: READ-usage buffer was written, then fenced, but written again before being read back. This discarded the shadow copy that was created to accelerate readback.
performance warning: READ-usage buffer was written, then fenced, but written again before being read back. This discarded the shadow copy that was created to accelerate readback.
performance warning: READ-usage buffer was written, then fenced, but written again before being read back. This discarded the shadow copy that was created to accelerate readback.
performance warning: READ-usage buffer was written, then fenced, but written again before being read back. This discarded the shadow copy that was created to accelerate readback.
performance warning: READ-usage buffer was written, then fenced, but written again before being read back. This discarded the shadow copy that was created to accelerate readback.
performance warning: READ-usage buffer was written, then fenced, but written again before being read back. This discarded the shadow copy that was created to accelerate readback.
performance warning: READ-usage buffer was written, then fenced, but written again before being read back. This discarded the shadow copy that was created to accelerate readback.
performance warning: READ-usage buffer was written, then fenced, but written again before being read back. This discarded the shadow copy that was created to accelerate readback.
performance warning: READ-usage buffer was written, then fenced, but written again before being read back. This discarded the shadow copy that was created to accelerate readback.
performance warning: READ-usage buffer was written, then fenced, but written again before being read back. This discarded the shadow copy that was created to accelerate readback.
performance warning: READ-usage buffer was written, then fenced, but written again before being read back. This discarded the shadow copy that was created to accelerate readback.
performance warning: READ-usage buffer was written, then fenced, but written again before being read back. This discarded the shadow copy that was created to accelerate readback.
performance warning: READ-usage buffer was written, then fenced, but written again before being read back. This discarded the shadow copy that was created to accelerate readback.
performance warning: READ-usage buffer was written, then fenced, but written again before being read back. This discarded the shadow copy that was created to accelerate readback.
performance warning: READ-usage buffer was written, then fenced, but written again before being read back. This discarded the shadow copy that was created to accelerate readback.
performance warning: READ-usage buffer was written, then fenced, but written again before being read back. This discarded the shadow copy that was created to accelerate readback.
performance warning: READ-usage buffer was written, then fenced, but written again before being read back. This discarded the shadow copy that was created to accelerate readback.
performance warning: READ-usage buffer was written, then fenced, but written again before being read back. This discarded the shadow copy that was created to accelerate readback.
performance warning: READ-usage buffer was written, then fenced, but written again before being read back. This discarded the shadow copy that was created to accelerate readback.
performance warning: READ-usage buffer was written, then fenced, but written again before being read back. This discarded the shadow copy that was created to accelerate readback.
performance warning: READ-usage buffer was written, then fenced, but written again before being read back. This discarded the shadow copy that was created to accelerate readback.
performance warning: READ-usage buffer was written, then fenced, but written again before being read back. This discarded the shadow copy that was created to accelerate readback.
performance warning: READ-usage buffer was written, then fenced, but written again before being read back. This discarded the shadow copy that was created to accelerate readback.
performance warning: READ-usage buffer was written, then fenced, but written again before being read back. This discarded the shadow copy that was created to accelerate readback.
performance warning: READ-usage buffer was written, then fenced, but written again before being read back. This discarded the shadow copy that was created to accelerate readback.
performance warning: READ-usage buffer was written, then fenced, but written again before being read back. This discarded the shadow copy that was created to accelerate readback.
performance warning: READ-usage buffer was written, then fenced, but written again before being read back. This discarded the shadow copy that was created to accelerate readback.
performance warning: READ-usage buffer was written, then fenced, but written again before being read back. This discarded the shadow copy that was created to accelerate readback.
performance warning: READ-usage buffer was written, then fenced, but written again before being read back. This discarded the shadow copy that was created to accelerate readback.
performance warning: READ-usage buffer was written, then fenced, but written again before being read back. This discarded the shadow copy that was created to accelerate readback.
performance warning: READ-usage buffer was written, then fenced, but written again before being read back. This discarded the shadow copy that was created to accelerate readback.
performance warning: READ-usage buffer was written, then fenced, but written again before being read back. This discarded the shadow copy that was created to accelerate readback.
performance warning: READ-usage buffer was written, then fenced, but written again before being read back. This discarded the shadow copy that was created to accelerate readback.
performance warning: READ-usage buffer was written, then fenced, but written again before being read back. This discarded the shadow copy that was created to accelerate readback.
Finished running 900/1079 tests
Canvas2D: Multiple readback operations using getImageData are faster with the willReadFrequently attribute set to true. See: https://html.spec.whatwg.org/multipage/canvas.html#concept-canvas-will-read-frequently
Canvas2D: Multiple readback operations using getImageData are faster with the willReadFrequently attribute set to true. See: https://html.spec.whatwg.org/multipage/canvas.html#concept-canvas-will-read-frequently
Canvas2D: Multiple readback operations using getImageData are faster with the willReadFrequently attribute set to true. See: https://html.spec.whatwg.org/multipage/canvas.html#concept-canvas-will-read-frequently
Canvas2D: Multiple readback operations using getImageData are faster with the willReadFrequently attribute set to true. See: https://html.spec.whatwg.org/multipage/canvas.html#concept-canvas-will-read-frequently
Canvas2D: Multiple readback operations using getImageData are faster with the willReadFrequently attribute set to true. See: https://html.spec.whatwg.org/multipage/canvas.html#concept-canvas-will-read-frequently
Canvas2D: Multiple readback operations using getImageData are faster with the willReadFrequently attribute set to true. See: https://html.spec.whatwg.org/multipage/canvas.html#concept-canvas-will-read-frequently
Canvas2D: Multiple readback operations using getImageData are faster with the willReadFrequently attribute set to true. See: https://html.spec.whatwg.org/multipage/canvas.html#concept-canvas-will-read-frequently
Canvas2D: Multiple readback operations using getImageData are faster with the willReadFrequently attribute set to true. See: https://html.spec.whatwg.org/multipage/canvas.html#concept-canvas-will-read-frequently
Canvas2D: Multiple readback operations using getImageData are faster with the willReadFrequently attribute set to true. See: https://html.spec.whatwg.org/multipage/canvas.html#concept-canvas-will-read-frequently
Canvas2D: Multiple readback operations using getImageData are faster with the willReadFrequently attribute set to true. See: https://html.spec.whatwg.org/multipage/canvas.html#concept-canvas-will-read-frequently
Canvas2D: Multiple readback operations using getImageData are faster with the willReadFrequently attribute set to true. See: https://html.spec.whatwg.org/multipage/canvas.html#concept-canvas-will-read-frequently
Canvas2D: Multiple readback operations using getImageData are faster with the willReadFrequently attribute set to true. See: https://html.spec.whatwg.org/multipage/canvas.html#concept-canvas-will-read-frequently
Finished running 1000/1079 tests
Finished running 1079/1079 tests
Completed 1079/1079 tests.
